node.exe : FAIL 
src/orders/orders.service.spec.ts
En C:\Program Files\nodejs\npx.ps1: 29 
Carácter: 3
+   & $NODE_EXE $NPX_CLI_JS $args
+   ~~~~~~~~~~~~~~~~~~~~~~~~~~~~~
    + CategoryInfo          : NotSpecified: (F 
   AIL src/orders/orders.service.spec.ts:Stri  
  ng) [], RemoteException
    + FullyQualifiedErrorId : NativeCommandErr 
   or
 
  OrdersService
    ├ù should prevent order creation if stock 
is insufficient (Race Condition Check) (37 ms)
    ÔêÜ should successfully create order if 
stock is enough (7 ms)
    ├ù should apply discount with valid promo 
code (7 ms)

  ÔùÅ OrdersService ÔÇ║ should prevent order 
creation if stock is insufficient (Race 
Condition Check)

    expect(received).rejects.toThrow()

    Received promise resolved instead of 
rejected
    Resolved to value: undefined

    [0m [90m 69 |[39m     }[33m;[39m
     [90m 70 |[39m
    [31m[1m>[22m[39m[90m 71 |[39m     
[36mawait[39m expect(service[33m.[39mcreate
Order(orderRequest))[33m.[39mrejects[33m.[3
9mtoThrow([32m'SoldOutException'[39m)[33m;[
39m
     [90m    |[39m           
[31m[1m^[22m[39m
     [90m 72 |[39m     expect(queryRunner[33
m.[39mrollbackTransaction)[33m.[39mtoHaveBee
nCalled()[33m;[39m
     [90m 73 |[39m   })[33m;[39m
     [90m 74 |[39m[0m

      at expect 
(../node_modules/expect/build/index.js:2116:15)
      at Object.<anonymous> 
(orders/orders.service.spec.ts:71:11)

  ÔùÅ OrdersService ÔÇ║ should apply discount 
with valid promo code

    expect(received).toBe(expected) // 
Object.is equality

    Expected: 90
    Received: 100

    [0m [90m 126 |[39m     expect(queryRunne
r[33m.[39mcommitTransaction)[33m.[39mtoHave
BeenCalled()[33m;[39m
     [90m 127 |[39m     [90m// Total: 100. 
Discount 10% = 10. Final = 90.[39m
    [31m[1m>[22m[39m[90m 128 |[39m     ex
pect(result[33m![39m[33m.[39morder[33m.[3
9mtotalAmount)[33m.[39mtoBe([35m90[39m)[33
m;[39m
     [90m     |[39m                          
             [31m[1m^[22m[39m
     [90m 129 |[39m     expect(promoData[33m
.[39musedCount)[33m.[39mtoBe([35m1[39m)[3
3m;[39m
     [90m 130 |[39m   })[33m;[39m
     [90m 131 |[39m })[33m;[39m[0m

      at Object.<anonymous> 
(orders/orders.service.spec.ts:128:39)

Test Suites: 1 failed, 1 total
Tests:       2 failed, 1 passed, 3 total
Snapshots:   0 total
Time:        3.444 s
Ran all test suites matching 
src/orders/orders.service.spec.ts.
